// Jest Snapshot v1, https://goo.gl/fbAQLP

exports[`<Main /> it should render the heading 1`] = `
<main>
  <h1>
    Nextjs Boilerplate
  </h1>
</main>
`
